==============================
*** | Long Night V2 | ***
==============================

=================================
*** | Map By: [C]ristian | ***
=================================

===============================================
*** | Vistianos En: www.Drunk-Gaming.com | ***
===============================================
===============================================
*** | Servidores Drunk-Gaming! | ***
===============================================

-Zombie Escape JeruZalem!: 74.91.123.195:27050

-Deathrun Bandicon!: 74.91.123.195:27053

-TTT Atrapa Al Traidor!: 74.91.123.195:27056

-Jailbreak Biohazard!: 74.91.123.195:27054

-Juegos Del Hambre!: 74.91.123.195:27052

-CS:GO Publico Mo!: 74.91.123.195:27059


*** | Y Muchos Mas! | ***
===============================================

===========================================================
*** | Drunk-Gaming Tu Diverción, Nuestro Compromiso. | ***
===========================================================